Archive member included to satisfy reference by file (symbol)

c:/st/stm32cubeide_1.7.0/stm32cubeide/plugins/com.st.stm32cube.ide.mcu.externaltools.gnu-tools-for-stm32.9-2020-q2-update.win32_2.0.0.202105311346/tools/bin/../lib/gcc/arm-none-eabi/9.3.1/../../../../arm-none-eabi/lib/thumb/v7-m/nofp\libc_nano.a(lib_a-errno.o)
                              ./Core/Src/syscalls.o (__errno)
c:/st/stm32cubeide_1.7.0/stm32cubeide/plugins/com.st.stm32cube.ide.mcu.externaltools.gnu-tools-for-stm32.9-2020-q2-update.win32_2.0.0.202105311346/tools/bin/../lib/gcc/arm-none-eabi/9.3.1/../../../../arm-none-eabi/lib/thumb/v7-m/nofp\libc_nano.a(lib_a-exit.o)
                              c:/st/stm32cubeide_1.7.0/stm32cubeide/plugins/com.st.stm32cube.ide.mcu.externaltools.gnu-tools-for-stm32.9-2020-q2-update.win32_2.0.0.202105311346/tools/bin/../lib/gcc/arm-none-eabi/9.3.1/../../../../arm-none-eabi/lib/thumb/v7-m/nofp/crt0.o (exit)
c:/st/stm32cubeide_1.7.0/stm32cubeide/plugins/com.st.stm32cube.ide.mcu.externaltools.gnu-tools-for-stm32.9-2020-q2-update.win32_2.0.0.202105311346/tools/bin/../lib/gcc/arm-none-eabi/9.3.1/../../../../arm-none-eabi/lib/thumb/v7-m/nofp\libc_nano.a(lib_a-impure.o)
                              c:/st/stm32cubeide_1.7.0/stm32cubeide/plugins/com.st.stm32cube.ide.mcu.externaltools.gnu-tools-for-stm32.9-2020-q2-update.win32_2.0.0.202105311346/tools/bin/../lib/gcc/arm-none-eabi/9.3.1/../../../../arm-none-eabi/lib/thumb/v7-m/nofp\libc_nano.a(lib_a-exit.o) (_global_impure_ptr)
c:/st/stm32cubeide_1.7.0/stm32cubeide/plugins/com.st.stm32cube.ide.mcu.externaltools.gnu-tools-for-stm32.9-2020-q2-update.win32_2.0.0.202105311346/tools/bin/../lib/gcc/arm-none-eabi/9.3.1/../../../../arm-none-eabi/lib/thumb/v7-m/nofp\libc_nano.a(lib_a-init.o)
                              c:/st/stm32cubeide_1.7.0/stm32cubeide/plugins/com.st.stm32cube.ide.mcu.externaltools.gnu-tools-for-stm32.9-2020-q2-update.win32_2.0.0.202105311346/tools/bin/../lib/gcc/arm-none-eabi/9.3.1/../../../../arm-none-eabi/lib/thumb/v7-m/nofp/crt0.o (__libc_init_array)
c:/st/stm32cubeide_1.7.0/stm32cubeide/plugins/com.st.stm32cube.ide.mcu.externaltools.gnu-tools-for-stm32.9-2020-q2-update.win32_2.0.0.202105311346/tools/bin/../lib/gcc/arm-none-eabi/9.3.1/../../../../arm-none-eabi/lib/thumb/v7-m/nofp\libc_nano.a(lib_a-memset.o)
                              c:/st/stm32cubeide_1.7.0/stm32cubeide/plugins/com.st.stm32cube.ide.mcu.externaltools.gnu-tools-for-stm32.9-2020-q2-update.win32_2.0.0.202105311346/tools/bin/../lib/gcc/arm-none-eabi/9.3.1/../../../../arm-none-eabi/lib/thumb/v7-m/nofp/crt0.o (memset)

Allocating common symbols
Common symbol       size              file

buttonCounter       0xc               ./Core/Src/input_reading.o
portBuffer          0xc               ./Core/Src/input_processing.o
uwTick              0x4               ./Drivers/STM32F1xx_HAL_Driver/Src/stm32f1xx_hal.o
pFlash              0x20              ./Drivers/STM32F1xx_HAL_Driver/Src/stm32f1xx_hal_flash.o
value_high          0x4               ./Core/Src/input_processing.o
buttonBuffer        0xc               ./Core/Src/input_reading.o
value_low           0x4               ./Core/Src/input_processing.o
thisButton          0x3               ./Core/Src/input_processing.o
htim2               0x48              ./Core/Src/main.o
lastButton          0x3               ./Core/Src/input_processing.o
pinBuffer           0x6               ./Core/Src/input_processing.o

Discarded input sections

 .text          0x0000000000000000        0x0 c:/st/stm32cubeide_1.7.0/stm32cubeide/plugins/com.st.stm32cube.ide.mcu.externaltools.gnu-tools-for-stm32.9-2020-q2-update.win32_2.0.0.202105311346/tools/bin/../lib/gcc/arm-none-eabi/9.3.1/thumb/v7-m/nofp/crti.o
 .data          0x0000000000000000        0x0 c:/st/stm32cubeide_1.7.0/stm32cubeide/plugins/com.st.stm32cube.ide.mcu.externaltools.gnu-tools-for-stm32.9-2020-q2-update.win32_2.0.0.202105311346/tools/bin/../lib/gcc/arm-none-eabi/9.3.1/thumb/v7-m/nofp/crti.o
 .bss           0x0000000000000000        0x0 c:/st/stm32cubeide_1.7.0/stm32cubeide/plugins/com.st.stm32cube.ide.mcu.externaltools.gnu-tools-for-stm32.9-2020-q2-update.win32_2.0.0.202105311346/tools/bin/../lib/gcc/arm-none-eabi/9.3.1/thumb/v7-m/nofp/crti.o
 .data          0x0000000000000000        0x4 c:/st/stm32cubeide_1.7.0/stm32cubeide/plugins/com.st.stm32cube.ide.mcu.externaltools.gnu-tools-for-stm32.9-2020-q2-update.win32_2.0.0.202105311346/tools/bin/../lib/gcc/arm-none-eabi/9.3.1/thumb/v7-m/nofp/crtbegin.o
 .text          0x0000000000000000       0x7c c:/st/stm32cubeide_1.7.0/stm32cubeide/plugins/com.st.stm32cube.ide.mcu.externaltools.gnu-tools-for-stm32.9-2020-q2-update.win32_2.0.0.202105311346/tools/bin/../lib/gcc/arm-none-eabi/9.3.1/../../../../arm-none-eabi/lib/thumb/v7-m/nofp/crt0.o
[...]
Memory Configuration

Name             Origin             Length             Attributes
RAM              0x0000000020000000 0x0000000000002800 xrw
FLASH            0x0000000008000000 0x0000000000008000 xr
*default*        0x0000000000000000 0xffffffffffffffff

Linker script and memory map

LOAD c:/st/stm32cubeide_1.7.0/stm32cubeide/plugins/com.st.stm32cube.ide.mcu.externaltools.gnu-tools-for-stm32.9-2020-q2-update.win32_2.0.0.202105311346/tools/bin/../lib/gcc/arm-none-eabi/9.3.1/thumb/v7-m/nofp/crti.o
LOAD c:/st/stm32cubeide_1.7.0/stm32cubeide/plugins/com.st.stm32cube.ide.mcu.externaltools.gnu-tools-for-stm32.9-2020-q2-update.win32_2.0.0.202105311346/tools/bin/../lib/gcc/arm-none-eabi/9.3.1/thumb/v7-m/nofp/crtbegin.o
LOAD c:/st/stm32cubeide_1.7.0/stm32cubeide/plugins/com.st.stm32cube.ide.mcu.externaltools.gnu-tools-for-stm32.9-2020-q2-update.win32_2.0.0.202105311346/tools/bin/../lib/gcc/arm-none-eabi/9.3.1/../../../../arm-none-eabi/lib/thumb/v7-m/nofp/crt0.o
LOAD ./Core/Src/input_processing.o
LOAD ./Core/Src/input_reading.o
LOAD ./Core/Src/led_display.o
LOAD ./Core/Src/main.o
LOAD ./Core/Src/stm32f1xx_hal_msp.o
LOAD ./Core/Src/stm32f1xx_it.o
LOAD ./Core/Src/syscalls.o
LOAD ./Core/Src/sysmem.o
LOAD ./Core/Src/system_stm32f1xx.o
LOAD ./Core/Src/timer.o
LOAD ./Core/Startup/startup_stm32f103c6ux.o
LOAD ./Drivers/STM32F1xx_HAL_Driver/Src/stm32f1xx_hal.o
LOAD ./Drivers/STM32F1xx_HAL_Driver/Src/stm32f1xx_hal_cortex.o
LOAD ./Drivers/STM32F1xx_HAL_Driver/Src/stm32f1xx_hal_dma.o
LOAD ./Drivers/STM32F1xx_HAL_Driver/Src/stm32f1xx_hal_exti.o
LOAD ./Drivers/STM32F1xx_HAL_Driver/Src/stm32f1xx_hal_flash.o
LOAD ./Drivers/STM32F1xx_HAL_Driver/Src/stm32f1xx_hal_flash_ex.o
LOAD ./Drivers/STM32F1xx_HAL_Driver/Src/stm32f1xx_hal_gpio.o
LOAD ./Drivers/STM32F1xx_HAL_Driver/Src/stm32f1xx_hal_gpio_ex.o
LOAD ./Drivers/STM32F1xx_HAL_Driver/Src/stm32f1xx_hal_pwr.o
LOAD ./Drivers/STM32F1xx_HAL_Driver/Src/stm32f1xx_hal_rcc.o
LOAD ./Drivers/STM32F1xx_HAL_Driver/Src/stm32f1xx_hal_rcc_ex.o
LOAD ./Drivers/STM32F1xx_HAL_Driver/Src/stm32f1xx_hal_tim.o
LOAD ./Drivers/STM32F1xx_HAL_Driver/Src/stm32f1xx_hal_tim_ex.o
START GROUP
LOAD c:/st/stm32cubeide_1.7.0/stm32cubeide/plugins/com.st.stm32cube.ide.mcu.externaltools.gnu-tools-for-stm32.9-2020-q2-update.win32_2.0.0.202105311346/tools/bin/../lib/gcc/arm-none-eabi/9.3.1/../../../../arm-none-eabi/lib/thumb/v7-m/nofp\libc_nano.a
LOAD c:/st/stm32cubeide_1.7.0/stm32cubeide/plugins/com.st.stm32cube.ide.mcu.externaltools.gnu-tools-for-stm32.9-2020-q2-update.win32_2.0.0.202105311346/tools/bin/../lib/gcc/arm-none-eabi/9.3.1/../../../../arm-none-eabi/lib/thumb/v7-m/nofp\libm.a
END GROUP
START GROUP
LOAD c:/st/stm32cubeide_1.7.0/stm32cubeide/plugins/com.st.stm32cube.ide.mcu.externaltools.gnu-tools-for-stm32.9-2020-q2-update.win32_2.0.0.202105311346/tools/bin/../lib/gcc/arm-none-eabi/9.3.1/thumb/v7-m/nofp\libgcc.a
LOAD c:/st/stm32cubeide_1.7.0/stm32cubeide/plugins/com.st.stm32cube.ide.mcu.externaltools.gnu-tools-for-stm32.9-2020-q2-update.win32_2.0.0.202105311346/tools/bin/../lib/gcc/arm-none-eabi/9.3.1/../../../../arm-none-eabi/lib/thumb/v7-m/nofp\libc_nano.a
END GROUP
START GROUP
LOAD c:/st/stm32cubeide_1.7.0/stm32cubeide/plugins/com.st.stm32cube.ide.mcu.externaltools.gnu-tools-for-stm32.9-2020-q2-update.win32_2.0.0.202105311346/tools/bin/../lib/gcc/arm-none-eabi/9.3.1/thumb/v7-m/nofp\libgcc.a
LOAD c:/st/stm32cubeide_1.7.0/stm32cubeide/plugins/com.st.stm32cube.ide.mcu.externaltools.gnu-tools-for-stm32.9-2020-q2-update.win32_2.0.0.202105311346/tools/bin/../lib/gcc/arm-none-eabi/9.3.1/../../../../arm-none-eabi/lib/thumb/v7-m/nofp\libc_nano.a
LOAD c:/st/stm32cubeide_1.7.0/stm32cubeide/plugins/com.st.stm32cube.ide.mcu.externaltools.gnu-tools-for-stm32.9-2020-q2-update.win32_2.0.0.202105311346/tools/bin/../lib/gcc/arm-none-eabi/9.3.1/../../../../arm-none-eabi/lib/thumb/v7-m/nofp\libnosys.a
END GROUP
START GROUP
LOAD c:/st/stm32cubeide_1.7.0/stm32cubeide/plugins/com.st.stm32cube.ide.mcu.externaltools.gnu-tools-for-stm32.9-2020-q2-update.win32_2.0.0.202105311346/tools/bin/../lib/gcc/arm-none-eabi/9.3.1/thumb/v7-m/nofp\libgcc.a
LOAD c:/st/stm32cubeide_1.7.0/stm32cubeide/plugins/com.st.stm32cube.ide.mcu.externaltools.gnu-tools-for-stm32.9-2020-q2-update.win32_2.0.0.202105311346/tools/bin/../lib/gcc/arm-none-eabi/9.3.1/../../../../arm-none-eabi/lib/thumb/v7-m/nofp\libc_nano.a
LOAD c:/st/stm32cubeide_1.7.0/stm32cubeide/plugins/com.st.stm32cube.ide.mcu.externaltools.gnu-tools-for-stm32.9-2020-q2-update.win32_2.0.0.202105311346/tools/bin/../lib/gcc/arm-none-eabi/9.3.1/../../../../arm-none-eabi/lib/thumb/v7-m/nofp\libnosys.a
END GROUP
LOAD c:/st/stm32cubeide_1.7.0/stm32cubeide/plugins/com.st.stm32cube.ide.mcu.externaltools.gnu-tools-for-stm32.9-2020-q2-update.win32_2.0.0.202105311346/tools/bin/../lib/gcc/arm-none-eabi/9.3.1/thumb/v7-m/nofp/crtend.o
LOAD c:/st/stm32cubeide_1.7.0/stm32cubeide/plugins/com.st.stm32cube.ide.mcu.externaltools.gnu-tools-for-stm32.9-2020-q2-update.win32_2.0.0.202105311346/tools/bin/../lib/gcc/arm-none-eabi/9.3.1/thumb/v7-m/nofp/crtn.o
                0x0000000020002800                _estack = (ORIGIN (RAM) + LENGTH (RAM))
                0x0000000000000200                _Min_Heap_Size = 0x200
                0x0000000000000400                _Min_Stack_Size = 0x400

.isr_vector     0x0000000008000000      0x10c
                0x0000000008000000                . = ALIGN (0x4)
 *(.isr_vector)
 .isr_vector    0x0000000008000000      0x10c ./Core/Startup/startup_stm32f103c6ux.o
                0x0000000008000000                g_pfnVectors
                0x000000000800010c                . = ALIGN (0x4)

.text           0x000000000800010c     0x26a8
                0x000000000800010c                . = ALIGN (0x4)
 *(.text)
 .text          0x000000000800010c       0x40 c:/st/stm32cubeide_1.7.0/stm32cubeide/plugins/com.st.stm32cube.ide.mcu.externaltools.gnu-tools-for-stm32.9-2020-q2-update.win32_2.0.0.202105311346/tools/bin/../lib/gcc/arm-none-eabi/9.3.1/thumb/v7-m/nofp/crtbegin.o
 *(.text*)
 .text.fsm_setting
                0x000000000800014c       0x6c ./Core/Src/input_processing.o
                0x000000000800014c                fsm_setting
 .text.fsm_automatic
                0x00000000080001b8       0x2c ./Core/Src/input_processing.o
                0x00000000080001b8                fsm_automatic
 .text.fsm_manual
                0x00000000080001e4      0x2b4 ./Core/Src/input_processing.o
                0x00000000080001e4                fsm_manual
 .text.setTime  0x0000000008000498       0x58 ./Core/Src/input_processing.o
                0x0000000008000498                setTime
 .text.preprocess
                0x00000000080004f0       0xd4 ./Core/Src/input_processing.o
                0x00000000080004f0                preprocess
 .text.resetPin
                0x00000000080005c4       0x28 ./Core/Src/input_processing.o
                0x00000000080005c4                resetPin
 .text.readButton
                0x00000000080005ec      0x1d4 ./Core/Src/input_reading.o
                0x00000000080005ec                readButton
 .text.setFlagsAndHandleActions
                0x00000000080007c0       0x8c ./Core/Src/input_reading.o
                0x00000000080007c0                setFlagsAndHandleActions
 .text.handleIncrease
                0x000000000800084c       0x6c ./Core/Src/input_reading.o
                0x000000000800084c                handleIncrease
 .text.display7SEG
                0x00000000080008b8      0x214 ./Core/Src/led_display.o
                0x00000000080008b8                display7SEG
 .text.traffic_func
                0x0000000008000acc      0x240 ./Core/Src/led_display.o
                0x0000000008000acc                traffic_func
 .text.main     0x0000000008000d0c       0x38 ./Core/Src/main.o
                0x0000000008000d0c                main
 .text.SystemClock_Config
                0x0000000008000d44       0x76 ./Core/Src/main.o
                0x0000000008000d44                SystemClock_Config
 *fill*         0x0000000008000dba        0x2 
 .text.MX_TIM2_Init
                0x0000000008000dbc       0x98 ./Core/Src/main.o
 .text.MX_GPIO_Init
                0x0000000008000e54       0xc4 ./Core/Src/main.o
 .text.HAL_TIM_PeriodElapsedCallback
                0x0000000008000f18       0x18 ./Core/Src/main.o
                0x0000000008000f18                HAL_TIM_PeriodElapsedCallback
 .text.Error_Handler
                0x0000000008000f30        0xa ./Core/Src/main.o
                0x0000000008000f30                Error_Handler
 *fill*         0x0000000008000f3a        0x2 
 .text.HAL_MspInit
                0x0000000008000f3c       0x64 ./Core/Src/stm32f1xx_hal_msp.o
                0x0000000008000f3c                HAL_MspInit
 .text.HAL_TIM_Base_MspInit
                0x0000000008000fa0       0x48 ./Core/Src/stm32f1xx_hal_msp.o
                0x0000000008000fa0                HAL_TIM_Base_MspInit
 .text.NMI_Handler
                0x0000000008000fe8        0x6 ./Core/Src/stm32f1xx_it.o
                0x0000000008000fe8                NMI_Handler
 .text.HardFault_Handler
                0x0000000008000fee        0x6 ./Core/Src/stm32f1xx_it.o
                0x0000000008000fee                HardFault_Handler
 .text.MemManage_Handler
                0x0000000008000ff4        0x6 ./Core/Src/stm32f1xx_it.o
                0x0000000008000ff4                MemManage_Handler
 .text.BusFault_Handler
                0x0000000008000ffa        0x6 ./Core/Src/stm32f1xx_it.o
                0x0000000008000ffa                BusFault_Handler
 .text.UsageFault_Handler
                0x0000000008001000        0x6 ./Core/Src/stm32f1xx_it.o
                0x0000000008001000                UsageFault_Handler
 .text.SVC_Handler
                0x0000000008001006        0xc ./Core/Src/stm32f1xx_it.o
                0x0000000008001006                SVC_Handler
 .text.DebugMon_Handler
                0x0000000008001012        0xc ./Core/Src/stm32f1xx_it.o
                0x0000000008001012                DebugMon_Handler
 .text.PendSV_Handler
                0x000000000800101e        0xc ./Core/Src/stm32f1xx_it.o
                0x000000000800101e                PendSV_Handler
 .text.SysTick_Handler
                0x000000000800102a        0xc ./Core/Src/stm32f1xx_it.o
                0x000000000800102a                SysTick_Handler
 *fill*         0x0000000008001036        0x2 
 .text.TIM2_IRQHandler
                0x0000000008001038       0x14 ./Core/Src/stm32f1xx_it.o
                0x0000000008001038                TIM2_IRQHandler
 .text.SystemInit
                0x000000000800104c        0xc ./Core/Src/system_stm32f1xx.o
                0x000000000800104c                SystemInit
 .text.setTimer0
                0x0000000008001058       0x38 ./Core/Src/timer.o
                0x0000000008001058                setTimer0
 .text.setTimer1
                0x0000000008001090       0x38 ./Core/Src/timer.o
                0x0000000008001090                setTimer1
 .text.timerRun
                0x00000000080010c8       0x5c ./Core/Src/timer.o
                0x00000000080010c8                timerRun
 .text.Reset_Handler
                0x0000000008001124       0x48 ./Core/Startup/startup_stm32f103c6ux.o
                0x0000000008001124                Reset_Handler
 .text.Default_Handler
                0x000000000800116c        0x2 ./Core/Startup/startup_stm32f103c6ux.o
                0x000000000800116c                RTC_Alarm_IRQHandler
                0x000000000800116c                EXTI2_IRQHandler
                0x000000000800116c                TIM1_CC_IRQHandler
                0x000000000800116c                PVD_IRQHandler
                0x000000000800116c                EXTI3_IRQHandler
                0x000000000800116c                EXTI0_IRQHandler
                0x000000000800116c                ADC1_2_IRQHandler
                0x000000000800116c                SPI1_IRQHandler
                0x000000000800116c                TAMPER_IRQHandler
                0x000000000800116c                DMA1_Channel4_IRQHandler
                0x000000000800116c                RTC_IRQHandler
                0x000000000800116c                DMA1_Channel7_IRQHandler
                0x000000000800116c                CAN1_RX1_IRQHandler
                0x000000000800116c                I2C1_EV_IRQHandler
                0x000000000800116c                DMA1_Channel6_IRQHandler
                0x000000000800116c                TIM3_IRQHandler
                0x000000000800116c                RCC_IRQHandler
                0x000000000800116c                TIM1_TRG_COM_IRQHandler
                0x000000000800116c                DMA1_Channel1_IRQHandler
                0x000000000800116c                Default_Handler
                0x000000000800116c                EXTI15_10_IRQHandler
                0x000000000800116c                EXTI9_5_IRQHandler
                0x000000000800116c                DMA1_Channel5_IRQHandler
                0x000000000800116c                EXTI4_IRQHandler
                0x000000000800116c                USB_LP_CAN1_RX0_IRQHandler
                0x000000000800116c                USB_HP_CAN1_TX_IRQHandler
                0x000000000800116c                DMA1_Channel3_IRQHandler
                0x000000000800116c                TIM1_UP_IRQHandler
                0x000000000800116c                WWDG_IRQHandler
                0x000000000800116c                TIM1_BRK_IRQHandler
                0x000000000800116c                EXTI1_IRQHandler
                0x000000000800116c                USART2_IRQHandler
                0x000000000800116c                DMA1_Channel2_IRQHandler
                0x000000000800116c                CAN1_SCE_IRQHandler
                0x000000000800116c                FLASH_IRQHandler
                0x000000000800116c                USART1_IRQHandler
                0x000000000800116c                I2C1_ER_IRQHandler
                0x000000000800116c                USBWakeUp_IRQHandler
 *fill*         0x000000000800116e        0x2 
 .text.HAL_Init
                0x0000000008001170       0x2c ./Drivers/STM32F1xx_HAL_Driver/Src/stm32f1xx_hal.o
                0x0000000008001170                HAL_Init
 .text.HAL_InitTick
                0x000000000800119c       0x60 ./Drivers/STM32F1xx_HAL_Driver/Src/stm32f1xx_hal.o
                0x000000000800119c                HAL_InitTick
 .text.HAL_IncTick
                0x00000000080011fc       0x24 ./Drivers/STM32F1xx_HAL_Driver/Src/stm32f1xx_hal.o
                0x00000000080011fc                HAL_IncTick
 .text.HAL_GetTick
                0x0000000008001220       0x14 ./Drivers/STM32F1xx_HAL_Driver/Src/stm32f1xx_hal.o
                0x0000000008001220                HAL_GetTick
 .text.__NVIC_SetPriorityGrouping
                0x0000000008001234       0x48 ./Drivers/STM32F1xx_HAL_Driver/Src/stm32f1xx_hal_cortex.o
 .text.__NVIC_GetPriorityGrouping
                0x000000000800127c       0x1c ./Drivers/STM32F1xx_HAL_Driver/Src/stm32f1xx_hal_cortex.o
 .text.__NVIC_EnableIRQ
                0x0000000008001298       0x38 ./Drivers/STM32F1xx_HAL_Driver/Src/stm32f1xx_hal_cortex.o
 .text.__NVIC_SetPriority
                0x00000000080012d0       0x54 ./Drivers/STM32F1xx_HAL_Driver/Src/stm32f1xx_hal_cortex.o
 .text.NVIC_EncodePriority
                0x0000000008001324       0x64 ./Drivers/STM32F1xx_HAL_Driver/Src/stm32f1xx_hal_cortex.o
 .text.SysTick_Config
                0x0000000008001388       0x44 ./Drivers/STM32F1xx_HAL_Driver/Src/stm32f1xx_hal_cortex.o
 .text.HAL_NVIC_SetPriorityGrouping
                0x00000000080013cc       0x16 ./Drivers/STM32F1xx_HAL_Driver/Src/stm32f1xx_hal_cortex.o
                0x00000000080013cc                HAL_NVIC_SetPriorityGrouping
 .text.HAL_NVIC_SetPriority
                0x00000000080013e2       0x38 ./Drivers/STM32F1xx_HAL_Driver/Src/stm32f1xx_hal_cortex.o
                0x00000000080013e2                HAL_NVIC_SetPriority
 .text.HAL_NVIC_EnableIRQ
                0x000000000800141a       0x1c ./Drivers/STM32F1xx_HAL_Driver/Src/stm32f1xx_hal_cortex.o
                0x000000000800141a                HAL_NVIC_EnableIRQ
 .text.HAL_SYSTICK_Config
                0x0000000008001436       0x18 ./Drivers/STM32F1xx_HAL_Driver/Src/stm32f1xx_hal_cortex.o
                0x0000000008001436                HAL_SYSTICK_Config
 *fill*         0x000000000800144e        0x2 
 .text.HAL_GPIO_Init
                0x0000000008001450      0x2f4 ./Drivers/STM32F1xx_HAL_Driver/Src/stm32f1xx_hal_gpio.o
                0x0000000008001450                HAL_GPIO_Init
 .text.HAL_GPIO_ReadPin
                0x0000000008001744       0x2e ./Drivers/STM32F1xx_HAL_Driver/Src/stm32f1xx_hal_gpio.o
                0x0000000008001744                HAL_GPIO_ReadPin
 .text.HAL_GPIO_WritePin
                0x0000000008001772       0x30 ./Drivers/STM32F1xx_HAL_Driver/Src/stm32f1xx_hal_gpio.o
                0x0000000008001772                HAL_GPIO_WritePin
 .text.HAL_GPIO_TogglePin
                0x00000000080017a2       0x32 ./Drivers/STM32F1xx_HAL_Driver/Src/stm32f1xx_hal_gpio.o
                0x00000000080017a2                HAL_GPIO_TogglePin
 .text.HAL_RCC_OscConfig
                0x00000000080017d4      0x500 ./Drivers/STM32F1xx_HAL_Driver/Src/stm32f1xx_hal_rcc.o
                0x00000000080017d4                HAL_RCC_OscConfig
 .text.HAL_RCC_ClockConfig
                0x0000000008001cd4      0x1d4 ./Drivers/STM32F1xx_HAL_Driver/Src/stm32f1xx_hal_rcc.o
                0x0000000008001cd4                HAL_RCC_ClockConfig
 .text.HAL_RCC_GetSysClockFreq
                0x0000000008001ea8       0xa8 ./Drivers/STM32F1xx_HAL_Driver/Src/stm32f1xx_hal_rcc.o
                0x0000000008001ea8                HAL_RCC_GetSysClockFreq
 .text.RCC_Delay
                0x0000000008001f50       0x3c ./Drivers/STM32F1xx_HAL_Driver/Src/stm32f1xx_hal_rcc.o
 .text.HAL_TIM_Base_Init
                0x0000000008001f8c       0x9e ./Drivers/STM32F1xx_HAL_Driver/Src/stm32f1xx_hal_tim.o
                0x0000000008001f8c                HAL_TIM_Base_Init
 *fill*         0x000000000800202a        0x2 
 .text.HAL_TIM_Base_Start_IT
                0x000000000800202c       0x98 ./Drivers/STM32F1xx_HAL_Driver/Src/stm32f1xx_hal_tim.o
                0x000000000800202c                HAL_TIM_Base_Start_IT
 .text.HAL_TIM_IRQHandler
                0x00000000080020c4      0x1e0 ./Drivers/STM32F1xx_HAL_Driver/Src/stm32f1xx_hal_tim.o
                0x00000000080020c4                HAL_TIM_IRQHandler
 .text.HAL_TIM_ConfigClockSource
                0x00000000080022a4      0x18e ./Drivers/STM32F1xx_HAL_Driver/Src/stm32f1xx_hal_tim.o
                0x00000000080022a4                HAL_TIM_ConfigClockSource
 .text.HAL_TIM_OC_DelayElapsedCallback
                0x0000000008002432       0x12 ./Drivers/STM32F1xx_HAL_Driver/Src/stm32f1xx_hal_tim.o
                0x0000000008002432                HAL_TIM_OC_DelayElapsedCallback
 .text.HAL_TIM_IC_CaptureCallback
                0x0000000008002444       0x12 ./Drivers/STM32F1xx_HAL_Driver/Src/stm32f1xx_hal_tim.o
                0x0000000008002444                HAL_TIM_IC_CaptureCallback
 .text.HAL_TIM_PWM_PulseFinishedCallback
                0x0000000008002456       0x12 ./Drivers/STM32F1xx_HAL_Driver/Src/stm32f1xx_hal_tim.o
                0x0000000008002456                HAL_TIM_PWM_PulseFinishedCallback
 .text.HAL_TIM_TriggerCallback
                0x0000000008002468       0x12 ./Drivers/STM32F1xx_HAL_Driver/Src/stm32f1xx_hal_tim.o
                0x0000000008002468                HAL_TIM_TriggerCallback
 *fill*         0x000000000800247a        0x2 
 .text.TIM_Base_SetConfig
                0x000000000800247c       0xc8 ./Drivers/STM32F1xx_HAL_Driver/Src/stm32f1xx_hal_tim.o
                0x000000000800247c                TIM_Base_SetConfig
 .text.TIM_TI1_ConfigInputStage
                0x0000000008002544       0x5c ./Drivers/STM32F1xx_HAL_Driver/Src/stm32f1xx_hal_tim.o
 .text.TIM_TI2_ConfigInputStage
                0x00000000080025a0       0x5e ./Drivers/STM32F1xx_HAL_Driver/Src/stm32f1xx_hal_tim.o
 .text.TIM_ITRx_SetConfig
                0x00000000080025fe       0x34 ./Drivers/STM32F1xx_HAL_Driver/Src/stm32f1xx_hal_tim.o
 .text.TIM_ETR_SetConfig
                0x0000000008002632       0x3e ./Drivers/STM32F1xx_HAL_Driver/Src/stm32f1xx_hal_tim.o
                0x0000000008002632                TIM_ETR_SetConfig
 .text.HAL_TIMEx_MasterConfigSynchronization
                0x0000000008002670       0xb0 ./Drivers/STM32F1xx_HAL_Driver/Src/stm32f1xx_hal_tim_ex.o
                0x0000000008002670                HAL_TIMEx_MasterConfigSynchronization
 .text.HAL_TIMEx_CommutCallback
                0x0000000008002720       0x12 ./Drivers/STM32F1xx_HAL_Driver/Src/stm32f1xx_hal_tim_ex.o
                0x0000000008002720                HAL_TIMEx_CommutCallback
 .text.HAL_TIMEx_BreakCallback
                0x0000000008002732       0x12 ./Drivers/STM32F1xx_HAL_Driver/Src/stm32f1xx_hal_tim_ex.o
                0x0000000008002732                HAL_TIMEx_BreakCallback
 .text.__libc_init_array
                0x0000000008002744       0x48 c:/st/stm32cubeide_1.7.0/stm32cubeide/plugins/com.st.stm32cube.ide.mcu.externaltools.gnu-tools-for-stm32.9-2020-q2-update.win32_2.0.0.202105311346/tools/bin/../lib/gcc/arm-none-eabi/9.3.1/../../../../arm-none-eabi/lib/thumb/v7-m/nofp\libc_nano.a(lib_a-init.o)
                0x0000000008002744                __libc_init_array
 .text.memset   0x000000000800278c       0x10 c:/st/stm32cubeide_1.7.0/stm32cubeide/plugins/com.st.stm32cube.ide.mcu.externaltools.gnu-tools-for-stm32.9-2020-q2-update.win32_2.0.0.202105311346/tools/bin/../lib/gcc/arm-none-eabi/9.3.1/../../../../arm-none-eabi/lib/thumb/v7-m/nofp\libc_nano.a(lib_a-memset.o)
                0x000000000800278c                memset
 *(.glue_7)
 .glue_7        0x000000000800279c        0x0 linker stubs
 *(.glue_7t)
 .glue_7t       0x000000000800279c        0x0 linker stubs
 *(.eh_frame)
 .eh_frame      0x000000000800279c        0x0 c:/st/stm32cubeide_1.7.0/stm32cubeide/plugins/com.st.stm32cube.ide.mcu.externaltools.gnu-tools-for-stm32.9-2020-q2-update.win32_2.0.0.202105311346/tools/bin/../lib/gcc/arm-none-eabi/9.3.1/thumb/v7-m/nofp/crtbegin.o
 *(.init)
 .init          0x000000000800279c        0x4 c:/st/stm32cubeide_1.7.0/stm32cubeide/plugins/com.st.stm32cube.ide.mcu.externaltools.gnu-tools-for-stm32.9-2020-q2-update.win32_2.0.0.202105311346/tools/bin/../lib/gcc/arm-none-eabi/9.3.1/thumb/v7-m/nofp/crti.o
                0x000000000800279c                _init
 .init          0x00000000080027a0        0x8 c:/st/stm32cubeide_1.7.0/stm32cubeide/plugins/com.st.stm32cube.ide.mcu.externaltools.gnu-tools-for-stm32.9-2020-q2-update.win32_2.0.0.202105311346/tools/bin/../lib/gcc/arm-none-eabi/9.3.1/thumb/v7-m/nofp/crtn.o
 *(.fini)
 .fini          0x00000000080027a8        0x4 c:/st/stm32cubeide_1.7.0/stm32cubeide/plugins/com.st.stm32cube.ide.mcu.externaltools.gnu-tools-for-stm32.9-2020-q2-update.win32_2.0.0.202105311346/tools/bin/../lib/gcc/arm-none-eabi/9.3.1/thumb/v7-m/nofp/crti.o
                0x00000000080027a8                _fini
 .fini          0x00000000080027ac        0x8 c:/st/stm32cubeide_1.7.0/stm32cubeide/plugins/com.st.stm32cube.ide.mcu.externaltools.gnu-tools-for-stm32.9-2020-q2-update.win32_2.0.0.202105311346/tools/bin/../lib/gcc/arm-none-eabi/9.3.1/thumb/v7-m/nofp/crtn.o
                0x00000000080027b4                . = ALIGN (0x4)
                0x00000000080027b4                _etext = .

.vfp11_veneer   0x00000000080027b4        0x0
 .vfp11_veneer  0x00000000080027b4        0x0 linker stubs

.v4_bx          0x00000000080027b4        0x0
 .v4_bx         0x00000000080027b4        0x0 linker stubs

.iplt           0x00000000080027b4        0x0
 .iplt          0x00000000080027b4        0x0 c:/st/stm32cubeide_1.7.0/stm32cubeide/plugins/com.st.stm32cube.ide.mcu.externaltools.gnu-tools-for-stm32.9-2020-q2-update.win32_2.0.0.202105311346/tools/bin/../lib/gcc/arm-none-eabi/9.3.1/thumb/v7-m/nofp/crtbegin.o

.rodata         0x00000000080027b4       0x24
                0x00000000080027b4                . = ALIGN (0x4)
 *(.rodata)
 *(.rodata*)
 .rodata.AHBPrescTable
                0x00000000080027b4       0x10 ./Core/Src/system_stm32f1xx.o
                0x00000000080027b4                AHBPrescTable
 .rodata.aPLLMULFactorTable.6032
                0x00000000080027c4       0x10 ./Drivers/STM32F1xx_HAL_Driver/Src/stm32f1xx_hal_rcc.o
 .rodata.aPredivFactorTable.6033
                0x00000000080027d4        0x2 ./Drivers/STM32F1xx_HAL_Driver/Src/stm32f1xx_hal_rcc.o
                0x00000000080027d8                . = ALIGN (0x4)
 *fill*         0x00000000080027d6        0x2 

.rel.dyn        0x00000000080027d8        0x0
 .rel.iplt      0x00000000080027d8        0x0 c:/st/stm32cubeide_1.7.0/stm32cubeide/plugins/com.st.stm32cube.ide.mcu.externaltools.gnu-tools-for-stm32.9-2020-q2-update.win32_2.0.0.202105311346/tools/bin/../lib/gcc/arm-none-eabi/9.3.1/thumb/v7-m/nofp/crtbegin.o

.ARM.extab      0x00000000080027d8        0x0
                0x00000000080027d8                . = ALIGN (0x4)
 *(.ARM.extab* .gnu.linkonce.armextab.*)
                0x00000000080027d8                . = ALIGN (0x4)

.ARM            0x00000000080027d8        0x0
                0x00000000080027d8                . = ALIGN (0x4)
                0x00000000080027d8                __exidx_start = .
 *(.ARM.exidx*)
                0x00000000080027d8                __exidx_end = .
                0x00000000080027d8                . = ALIGN (0x4)

.preinit_array  0x00000000080027d8        0x0
                0x00000000080027d8                . = ALIGN (0x4)
                0x00000000080027d8                PROVIDE (__preinit_array_start = .)
 *(.preinit_array*)
                0x00000000080027d8                PROVIDE (__preinit_array_end = .)
                0x00000000080027d8                . = ALIGN (0x4)

.init_array     0x00000000080027d8        0x4
                0x00000000080027d8                . = ALIGN (0x4)
                0x00000000080027d8                PROVIDE (__init_array_start = .)
 *(SORT_BY_NAME(.init_array.*))
 *(.init_array*)
 .init_array    0x00000000080027d8        0x4 c:/st/stm32cubeide_1.7.0/stm32cubeide/plugins/com.st.stm32cube.ide.mcu.externaltools.gnu-tools-for-stm32.9-2020-q2-update.win32_2.0.0.202105311346/tools/bin/../lib/gcc/arm-none-eabi/9.3.1/thumb/v7-m/nofp/crtbegin.o
                0x00000000080027dc                PROVIDE (__init_array_end = .)
                0x00000000080027dc                . = ALIGN (0x4)

.fini_array     0x00000000080027dc        0x4
                0x00000000080027dc                . = ALIGN (0x4)
                [!provide]                        PROVIDE (__fini_array_start = .)
 *(SORT_BY_NAME(.fini_array.*))
 *(.fini_array*)
 .fini_array    0x00000000080027dc        0x4 c:/st/stm32cubeide_1.7.0/stm32cubeide/plugins/com.st.stm32cube.ide.mcu.externaltools.gnu-tools-for-stm32.9-2020-q2-update.win32_2.0.0.202105311346/tools/bin/../lib/gcc/arm-none-eabi/9.3.1/thumb/v7-m/nofp/crtbegin.o
                [!provide]                        PROVIDE (__fini_array_end = .)
                0x00000000080027e0                . = ALIGN (0x4)
                0x00000000080027e0                _sidata = LOADADDR (.data)

.data           0x0000000020000000       0x28 load address 0x00000000080027e0
                0x0000000020000000                . = ALIGN (0x4)
                0x0000000020000000                _sdata = .
 *(.data)
 *(.data*)
 .data.vertical_state
                0x0000000020000000        0x4 ./Core/Src/led_display.o
                0x0000000020000000                vertical_state
 .data.vertical_counter
                0x0000000020000004        0x4 ./Core/Src/led_display.o
                0x0000000020000004                vertical_counter
 .data.horizontal_state
                0x0000000020000008        0x4 ./Core/Src/led_display.o
                0x0000000020000008                horizontal_state
 .data.horizontal_counter
                0x000000002000000c        0x4 ./Core/Src/led_display.o
                0x000000002000000c                horizontal_counter
 .data.red_time
                0x0000000020000010        0x4 ./Core/Src/led_display.o
                0x0000000020000010                red_time
 .data.green_time
                0x0000000020000014        0x4 ./Core/Src/led_display.o
                0x0000000020000014                green_time
 .data.yellow_time
                0x0000000020000018        0x4 ./Core/Src/led_display.o
                0x0000000020000018                yellow_time
 .data.SystemCoreClock
                0x000000002000001c        0x4 ./Core/Src/system_stm32f1xx.o
                0x000000002000001c                SystemCoreClock
 .data.uwTickPrio
                0x0000000020000020        0x4 ./Drivers/STM32F1xx_HAL_Driver/Src/stm32f1xx_hal.o
                0x0000000020000020                uwTickPrio
 .data.uwTickFreq
                0x0000000020000024        0x1 ./Drivers/STM32F1xx_HAL_Driver/Src/stm32f1xx_hal.o
                0x0000000020000024                uwTickFreq
 *(.RamFunc)
 *(.RamFunc*)
                0x0000000020000028                . = ALIGN (0x4)
 *fill*         0x0000000020000025        0x3 
                0x0000000020000028                _edata = .

.igot.plt       0x0000000020000028        0x0 load address 0x0000000008002808
 .igot.plt      0x0000000020000028        0x0 c:/st/stm32cubeide_1.7.0/stm32cubeide/plugins/com.st.stm32cube.ide.mcu.externaltools.gnu-tools-for-stm32.9-2020-q2-update.win32_2.0.0.202105311346/tools/bin/../lib/gcc/arm-none-eabi/9.3.1/thumb/v7-m/nofp/crtbegin.o
                0x0000000020000028                . = ALIGN (0x4)

.bss            0x0000000020000028       0xf4 load address 0x0000000008002808
                0x0000000020000028                _sbss = .
                0x0000000020000028                __bss_start__ = _sbss
 *(.bss)
 .bss           0x0000000020000028       0x1c c:/st/stm32cubeide_1.7.0/stm32cubeide/plugins/com.st.stm32cube.ide.mcu.externaltools.gnu-tools-for-stm32.9-2020-q2-update.win32_2.0.0.202105311346/tools/bin/../lib/gcc/arm-none-eabi/9.3.1/thumb/v7-m/nofp/crtbegin.o
 *(.bss*)
 .bss.flag_reset
                0x0000000020000044        0x4 ./Core/Src/input_reading.o
                0x0000000020000044                flag_reset
 .bss.flag_set  0x0000000020000048        0x4 ./Core/Src/input_reading.o
                0x0000000020000048                flag_set
 .bss.value     0x000000002000004c        0x4 ./Core/Src/input_reading.o
                0x000000002000004c                value
 .bss.mode      0x0000000020000050        0x4 ./Core/Src/input_reading.o
                0x0000000020000050                mode
 .bss.KeyReg0   0x0000000020000054        0xc ./Core/Src/input_reading.o
                0x0000000020000054                KeyReg0
 .bss.KeyReg1   0x0000000020000060        0xc ./Core/Src/input_reading.o
                0x0000000020000060                KeyReg1
 .bss.KeyReg2   0x000000002000006c        0xc ./Core/Src/input_reading.o
                0x000000002000006c                KeyReg2
 .bss.lastStableButtonState
                0x0000000020000078        0xc ./Core/Src/input_reading.o
                0x0000000020000078                lastStableButtonState
 .bss.timer0_counter
                0x0000000020000084        0x4 ./Core/Src/timer.o
                0x0000000020000084                timer0_counter
 .bss.timer0_flag
                0x0000000020000088        0x4 ./Core/Src/timer.o
                0x0000000020000088                timer0_flag
 .bss.timer1_counter
                0x000000002000008c        0x4 ./Core/Src/timer.o
                0x000000002000008c                timer1_counter
 .bss.timer1_flag
                0x0000000020000090        0x4 ./Core/Src/timer.o
                0x0000000020000090                timer1_flag
 *(COMMON)
 COMMON         0x0000000020000094       0x22 ./Core/Src/input_processing.o
                0x0000000020000094                portBuffer
                0x00000000200000a0                value_high
                0x00000000200000a4                value_low
                0x00000000200000a8                thisButton
                0x00000000200000ac                lastButton
                0x00000000200000b0                pinBuffer
 *fill*         0x00000000200000b6        0x2 
 COMMON         0x00000000200000b8       0x18 ./Core/Src/input_reading.o
                0x00000000200000b8                buttonCounter
                0x00000000200000c4                buttonBuffer
 COMMON         0x00000000200000d0       0x48 ./Core/Src/main.o
                0x00000000200000d0                htim2
 COMMON         0x0000000020000118        0x4 ./Drivers/STM32F1xx_HAL_Driver/Src/stm32f1xx_hal.o
                0x0000000020000118                uwTick
                0x000000002000011c                . = ALIGN (0x4)
                0x000000002000011c                _ebss = .
                0x000000002000011c                __bss_end__ = _ebss

._user_heap_stack
                0x000000002000011c      0x604 load address 0x0000000008002808
                0x0000000020000120                . = ALIGN (0x8)
 *fill*         0x000000002000011c        0x4 
                [!provide]                        PROVIDE (end = .)
                0x0000000020000120                PROVIDE (_end = .)
                0x0000000020000320                . = (. + _Min_Heap_Size)
 *fill*         0x0000000020000120      0x200 
                0x0000000020000720                . = (. + _Min_Stack_Size)
 *fill*         0x0000000020000320      0x400 
                0x0000000020000720                . = ALIGN (0x8)

/DISCARD/
 libc.a(*)
 libm.a(*)
 libgcc.a(*)

.ARM.attributes
                0x0000000000000000       0x29
 *(.ARM.attributes)
 .ARM.attributes
                0x0000000000000000       0x1d c:/st/stm32cubeide_1.7.0/stm32cubeide/plugins/com.st.stm32cube.ide.mcu.externaltools.gnu-tools-for-stm32.9-2020-q2-update.win32_2.0.0.202105311346/tools/bin/../lib/gcc/arm-none-eabi/9.3.1/thumb/v7-m/nofp/crti.o
 .ARM.attributes
                0x000000000000001d       0x2d c:/st/stm32cubeide_1.7.0/stm32cubeide/plugins/com.st.stm32cube.ide.mcu.externaltools.gnu-tools-for-stm32.9-2020-q2-update.win32_2.0.0.202105311346/tools/bin/../lib/gcc/arm-none-eabi/9.3.1/thumb/v7-m/nofp/crtbegin.o
 .ARM.attributes
                0x000000000000004a       0x2d ./Core/Src/input_processing.o
 .ARM.attributes
                0x0000000000000077       0x2d ./Core/Src/input_reading.o
 .ARM.attributes
                0x00000000000000a4       0x2d ./Core/Src/led_display.o
 .ARM.attributes
                0x00000000000000d1       0x2d ./Core/Src/main.o
 .ARM.attributes
                0x00000000000000fe       0x2d ./Core/Src/stm32f1xx_hal_msp.o
 .ARM.attributes
                0x000000000000012b       0x2d ./Core/Src/stm32f1xx_it.o
 .ARM.attributes
                0x0000000000000158       0x2d ./Core/Src/system_stm32f1xx.o
 .ARM.attributes
                0x0000000000000185       0x2d ./Core/Src/timer.o
 .ARM.attributes
                0x00000000000001b2       0x21 ./Core/Startup/startup_stm32f103c6ux.o
 .ARM.attributes
                0x00000000000001d3       0x2d ./Drivers/STM32F1xx_HAL_Driver/Src/stm32f1xx_hal.o
 .ARM.attributes
                0x0000000000000200       0x2d ./Drivers/STM32F1xx_HAL_Driver/Src/stm32f1xx_hal_cortex.o
 .ARM.attributes
                0x000000000000022d       0x2d ./Drivers/STM32F1xx_HAL_Driver/Src/stm32f1xx_hal_gpio.o
 .ARM.attributes
                0x000000000000025a       0x2d ./Drivers/STM32F1xx_HAL_Driver/Src/stm32f1xx_hal_rcc.o
 .ARM.attributes
                0x0000000000000287       0x2d ./Drivers/STM32F1xx_HAL_Driver/Src/stm32f1xx_hal_tim.o
 .ARM.attributes
                0x00000000000002b4       0x2d ./Drivers/STM32F1xx_HAL_Driver/Src/stm32f1xx_hal_tim_ex.o
 .ARM.attributes
                0x00000000000002e1       0x2d c:/st/stm32cubeide_1.7.0/stm32cubeide/plugins/com.st.stm32cube.ide.mcu.externaltools.gnu-tools-for-stm32.9-2020-q2-update.win32_2.0.0.202105311346/tools/bin/../lib/gcc/arm-none-eabi/9.3.1/../../../../arm-none-eabi/lib/thumb/v7-m/nofp\libc_nano.a(lib_a-init.o)
 .ARM.attributes
                0x000000000000030e       0x2d c:/st/stm32cubeide_1.7.0/stm32cubeide/plugins/com.st.stm32cube.ide.mcu.externaltools.gnu-tools-for-stm32.9-2020-q2-update.win32_2.0.0.202105311346/tools/bin/../lib/gcc/arm-none-eabi/9.3.1/../../../../arm-none-eabi/lib/thumb/v7-m/nofp\libc_nano.a(lib_a-memset.o)
 .ARM.attributes
                0x000000000000033b       0x1d c:/st/stm32cubeide_1.7.0/stm32cubeide/plugins/com.st.stm32cube.ide.mcu.externaltools.gnu-tools-for-stm32.9-2020-q2-update.win32_2.0.0.202105311346/tools/bin/../lib/gcc/arm-none-eabi/9.3.1/thumb/v7-m/nofp/crtn.o
OUTPUT(LAB3_EX.elf elf32-littlearm)
LOAD linker stubs
LOAD c:/st/stm32cubeide_1.7.0/stm32cubeide/plugins/com.st.stm32cube.ide.mcu.externaltools.gnu-tools-for-stm32.9-2020-q2-update.win32_2.0.0.202105311346/tools/bin/../lib/gcc/arm-none-eabi/9.3.1/../../../../arm-none-eabi/lib/thumb/v7-m/nofp\libc.a
LOAD c:/st/stm32cubeide_1.7.0/stm32cubeide/plugins/com.st.stm32cube.ide.mcu.externaltools.gnu-tools-for-stm32.9-2020-q2-update.win32_2.0.0.202105311346/tools/bin/../lib/gcc/arm-none-eabi/9.3.1/../../../../arm-none-eabi/lib/thumb/v7-m/nofp\libm.a
LOAD c:/st/stm32cubeide_1.7.0/stm32cubeide/plugins/com.st.stm32cube.ide.mcu.externaltools.gnu-tools-for-stm32.9-2020-q2-update.win32_2.0.0.202105311346/tools/bin/../lib/gcc/arm-none-eabi/9.3.1/thumb/v7-m/nofp\libgcc.a

.debug_info     0x0000000000000000     0x9a4f
 .debug_info    0x0000000000000000      0x53a ./Core/Src/input_processing.o
 .debug_info    0x000000000000053a      0x541 ./Core/Src/input_reading.o
 .debug_info    0x0000000000000a7b      0x51c ./Core/Src/led_display.o
 .debug_info    0x0000000000000f97      0xd4e ./Core/Src/main.o
 .debug_info    0x0000000000001ce5      0xa09 ./Core/Src/stm32f1xx_hal_msp.o
 .debug_info    0x00000000000026ee      0x7b9 ./Core/Src/stm32f1xx_it.o
 .debug_info    0x0000000000002ea7      0x2be ./Core/Src/system_stm32f1xx.o
 .debug_info    0x0000000000003165      0x479 ./Core/Src/timer.o
 .debug_info    0x00000000000035de       0x22 ./Core/Startup/startup_stm32f103c6ux.o
 .debug_info    0x0000000000003600      0x74c ./Drivers/STM32F1xx_HAL_Driver/Src/stm32f1xx_hal.o
 .debug_info    0x0000000000003d4c      0xbbe ./Drivers/STM32F1xx_HAL_Driver/Src/stm32f1xx_hal_cortex.o
 .debug_info    0x000000000000490a      0x701 ./Drivers/STM32F1xx_HAL_Driver/Src/stm32f1xx_hal_gpio.o
 .debug_info    0x000000000000500b      0x893 ./Drivers/STM32F1xx_HAL_Driver/Src/stm32f1xx_hal_rcc.o
 .debug_info    0x000000000000589e     0x2c32 ./Drivers/STM32F1xx_HAL_Driver/Src/stm32f1xx_hal_tim.o
 .debug_info    0x00000000000084d0     0x157f ./Drivers/STM32F1xx_HAL_Driver/Src/stm32f1xx_hal_tim_ex.o

.debug_abbrev   0x0000000000000000     0x1b15
 .debug_abbrev  0x0000000000000000      0x1c1 ./Core/Src/input_processing.o
 .debug_abbrev  0x00000000000001c1      0x199 ./Core/Src/input_reading.o
 .debug_abbrev  0x000000000000035a      0x17b ./Core/Src/led_display.o
 .debug_abbrev  0x00000000000004d5      0x22c ./Core/Src/main.o
 .debug_abbrev  0x0000000000000701      0x1b7 ./Core/Src/stm32f1xx_hal_msp.o
 .debug_abbrev  0x00000000000008b8      0x176 ./Core/Src/stm32f1xx_it.o
 .debug_abbrev  0x0000000000000a2e      0x14e ./Core/Src/system_stm32f1xx.o
 .debug_abbrev  0x0000000000000b7c      0x168 ./Core/Src/timer.o
 .debug_abbrev  0x0000000000000ce4       0x12 ./Core/Startup/startup_stm32f103c6ux.o
 .debug_abbrev  0x0000000000000cf6      0x1ed ./Drivers/STM32F1xx_HAL_Driver/Src/stm32f1xx_hal.o
 .debug_abbrev  0x0000000000000ee3      0x313 ./Drivers/STM32F1xx_HAL_Driver/Src/stm32f1xx_hal_cortex.o
 .debug_abbrev  0x00000000000011f6      0x1e8 ./Drivers/STM32F1xx_HAL_Driver/Src/stm32f1xx_hal_gpio.o
 .debug_abbrev  0x00000000000013de      0x273 ./Drivers/STM32F1xx_HAL_Driver/Src/stm32f1xx_hal_rcc.o
 .debug_abbrev  0x0000000000001651      0x25e ./Drivers/STM32F1xx_HAL_Driver/Src/stm32f1xx_hal_tim.o
 .debug_abbrev  0x00000000000018af      0x266 ./Drivers/STM32F1xx_HAL_Driver/Src/stm32f1xx_hal_tim_ex.o

.debug_aranges  0x0000000000000000      0xa08
 .debug_aranges
                0x0000000000000000       0x48 ./Core/Src/input_processing.o
 .debug_aranges
                0x0000000000000048       0x38 ./Core/Src/input_reading.o
 .debug_aranges
                0x0000000000000080       0x28 ./Core/Src/led_display.o
 .debug_aranges
                0x00000000000000a8       0x48 ./Core/Src/main.o
 .debug_aranges
                0x00000000000000f0       0x30 ./Core/Src/stm32f1xx_hal_msp.o
 .debug_aranges
                0x0000000000000120       0x68 ./Core/Src/stm32f1xx_it.o
 .debug_aranges
                0x0000000000000188       0x28 ./Core/Src/system_stm32f1xx.o
 .debug_aranges
                0x00000000000001b0       0x30 ./Core/Src/timer.o
 .debug_aranges
                0x00000000000001e0       0x28 ./Core/Startup/startup_stm32f103c6ux.o
 .debug_aranges
                0x0000000000000208       0xe0 ./Drivers/STM32F1xx_HAL_Driver/Src/stm32f1xx_hal.o
 .debug_aranges
                0x00000000000002e8      0x100 ./Drivers/STM32F1xx_HAL_Driver/Src/stm32f1xx_hal_cortex.o
 .debug_aranges
                0x00000000000003e8       0x58 ./Drivers/STM32F1xx_HAL_Driver/Src/stm32f1xx_hal_gpio.o
 .debug_aranges
                0x0000000000000440       0x90 ./Drivers/STM32F1xx_HAL_Driver/Src/stm32f1xx_hal_rcc.o
 .debug_aranges
                0x00000000000004d0      0x3d0 ./Drivers/STM32F1xx_HAL_Driver/Src/stm32f1xx_hal_tim.o
 .debug_aranges
                0x00000000000008a0      0x168 ./Drivers/STM32F1xx_HAL_Driver/Src/stm32f1xx_hal_tim_ex.o

.debug_ranges   0x0000000000000000      0x920
 .debug_ranges  0x0000000000000000       0x38 ./Core/Src/input_processing.o
 .debug_ranges  0x0000000000000038       0x28 ./Core/Src/input_reading.o
 .debug_ranges  0x0000000000000060       0x18 ./Core/Src/led_display.o
 .debug_ranges  0x0000000000000078       0x38 ./Core/Src/main.o
 .debug_ranges  0x00000000000000b0       0x20 ./Core/Src/stm32f1xx_hal_msp.o
 .debug_ranges  0x00000000000000d0       0x58 ./Core/Src/stm32f1xx_it.o
 .debug_ranges  0x0000000000000128       0x18 ./Core/Src/system_stm32f1xx.o
 .debug_ranges  0x0000000000000140       0x20 ./Core/Src/timer.o
 .debug_ranges  0x0000000000000160       0x20 ./Core/Startup/startup_stm32f103c6ux.o
 .debug_ranges  0x0000000000000180       0xd0 ./Drivers/STM32F1xx_HAL_Driver/Src/stm32f1xx_hal.o
 .debug_ranges  0x0000000000000250       0xf0 ./Drivers/STM32F1xx_HAL_Driver/Src/stm32f1xx_hal_cortex.o
 .debug_ranges  0x0000000000000340       0x48 ./Drivers/STM32F1xx_HAL_Driver/Src/stm32f1xx_hal_gpio.o
 .debug_ranges  0x0000000000000388       0x80 ./Drivers/STM32F1xx_HAL_Driver/Src/stm32f1xx_hal_rcc.o
 .debug_ranges  0x0000000000000408      0x3c0 ./Drivers/STM32F1xx_HAL_Driver/Src/stm32f1xx_hal_tim.o
 .debug_ranges  0x00000000000007c8      0x158 ./Drivers/STM32F1xx_HAL_Driver/Src/stm32f1xx_hal_tim_ex.o

.debug_macro    0x0000000000000000    0x16b57
 .debug_macro   0x0000000000000000      0x1d9 ./Core/Src/input_processing.o
 .debug_macro   0x00000000000001d9      0xa9c ./Core/Src/input_processing.o
 .debug_macro   0x0000000000000c75      0x215 ./Core/Src/input_processing.o
 .debug_macro   0x0000000000000e8a       0x2e ./Core/Src/input_processing.o
 .debug_macro   0x0000000000000eb8       0x22 ./Core/Src/input_processing.o
 .debug_macro   0x0000000000000eda       0x22 ./Core/Src/input_processing.o
 .debug_macro   0x0000000000000efc       0x8e ./Core/Src/input_processing.o
 .debug_macro   0x0000000000000f8a       0x51 ./Core/Src/input_processing.o
 .debug_macro   0x0000000000000fdb      0x103 ./Core/Src/input_processing.o
 .debug_macro   0x00000000000010de       0x6a ./Core/Src/input_processing.o
 .debug_macro   0x0000000000001148      0x1df ./Core/Src/input_processing.o
 .debug_macro   0x0000000000001327       0x1c ./Core/Src/input_processing.o
 .debug_macro   0x0000000000001343       0x22 ./Core/Src/input_processing.o
 .debug_macro   0x0000000000001365       0xc3 ./Core/Src/input_processing.o
 .debug_macro   0x0000000000001428      0xd23 ./Core/Src/input_processing.o
 .debug_macro   0x000000000000214b     0xde75 ./Core/Src/input_processing.o
 .debug_macro   0x000000000000ffc0       0x6d ./Core/Src/input_processing.o
 .debug_macro   0x000000000001002d     0x34a2 ./Core/Src/input_processing.o
 .debug_macro   0x00000000000134cf      0x174 ./Core/Src/input_processing.o
 .debug_macro   0x0000000000013643       0x5c ./Core/Src/input_processing.o
 .debug_macro   0x000000000001369f      0x5bc ./Core/Src/input_processing.o
 .debug_macro   0x0000000000013c5b      0x1b7 ./Core/Src/input_processing.o
 .debug_macro   0x0000000000013e12      0x1cb ./Core/Src/input_processing.o
 .debug_macro   0x0000000000013fdd      0x114 ./Core/Src/input_processing.o
 .debug_macro   0x00000000000140f1      0x1b2 ./Core/Src/input_processing.o
 .debug_macro   0x00000000000142a3       0x27 ./Core/Src/input_processing.o
 .debug_macro   0x00000000000142ca      0x12f ./Core/Src/input_processing.o
 .debug_macro   0x00000000000143f9      0x1bc ./Core/Src/input_processing.o
 .debug_macro   0x00000000000145b5       0x34 ./Core/Src/input_processing.o
 .debug_macro   0x00000000000145e9       0x3c ./Core/Src/input_processing.o
 .debug_macro   0x0000000000014625       0x57 ./Core/Src/input_processing.o
 .debug_macro   0x000000000001467c       0x87 ./Core/Src/input_processing.o
 .debug_macro   0x0000000000014703      0x183 ./Core/Src/input_processing.o
 .debug_macro   0x0000000000014886      0x140 ./Core/Src/input_processing.o
 .debug_macro   0x00000000000149c6      0x8ed ./Core/Src/input_processing.o
 .debug_macro   0x00000000000152b3       0x69 ./Core/Src/input_processing.o
 .debug_macro   0x000000000001531c      0x178 ./Core/Src/input_processing.o
 .debug_macro   0x0000000000015494       0x46 ./Core/Src/input_processing.o
 .debug_macro   0x00000000000154da      0x1d5 ./Core/Src/input_reading.o
 .debug_macro   0x00000000000156af      0x1d9 ./Core/Src/led_display.o
 .debug_macro   0x0000000000015888      0x1dd ./Core/Src/main.o
 .debug_macro   0x0000000000015a65      0x1a6 ./Core/Src/stm32f1xx_hal_msp.o
 .debug_macro   0x0000000000015c0b      0x1b0 ./Core/Src/stm32f1xx_it.o
 .debug_macro   0x0000000000015dbb      0x197 ./Core/Src/system_stm32f1xx.o
 .debug_macro   0x0000000000015f52      0x1d9 ./Core/Src/timer.o
 .debug_macro   0x000000000001612b      0x1bb ./Drivers/STM32F1xx_HAL_Driver/Src/stm32f1xx_hal.o
 .debug_macro   0x00000000000162e6      0x197 ./Drivers/STM32F1xx_HAL_Driver/Src/stm32f1xx_hal_cortex.o
 .debug_macro   0x000000000001647d      0x202 ./Drivers/STM32F1xx_HAL_Driver/Src/stm32f1xx_hal_gpio.o
 .debug_macro   0x000000000001667f      0x1a9 ./Drivers/STM32F1xx_HAL_Driver/Src/stm32f1xx_hal_rcc.o
 .debug_macro   0x0000000000016828      0x198 ./Drivers/STM32F1xx_HAL_Driver/Src/stm32f1xx_hal_tim.o
 .debug_macro   0x00000000000169c0      0x197 ./Drivers/STM32F1xx_HAL_Driver/Src/stm32f1xx_hal_tim_ex.o

.debug_line     0x0000000000000000     0xb253
 .debug_line    0x0000000000000000      0x847 ./Core/Src/input_processing.o
 .debug_line    0x0000000000000847      0x82c ./Core/Src/input_reading.o
 .debug_line    0x0000000000001073      0x788 ./Core/Src/led_display.o
 .debug_line    0x00000000000017fb      0x7cc ./Core/Src/main.o
 .debug_line    0x0000000000001fc7      0x6a1 ./Core/Src/stm32f1xx_hal_msp.o
 .debug_line    0x0000000000002668      0x73f ./Core/Src/stm32f1xx_it.o
 .debug_line    0x0000000000002da7      0x6e3 ./Core/Src/system_stm32f1xx.o
 .debug_line    0x000000000000348a      0x705 ./Core/Src/timer.o
 .debug_line    0x0000000000003b8f       0x86 ./Core/Startup/startup_stm32f103c6ux.o
 .debug_line    0x0000000000003c15      0x910 ./Drivers/STM32F1xx_HAL_Driver/Src/stm32f1xx_hal.o
 .debug_line    0x0000000000004525      0xaf8 ./Drivers/STM32F1xx_HAL_Driver/Src/stm32f1xx_hal_cortex.o
 .debug_line    0x000000000000501d      0x993 ./Drivers/STM32F1xx_HAL_Driver/Src/stm32f1xx_hal_gpio.o
 .debug_line    0x00000000000059b0      0xd1c ./Drivers/STM32F1xx_HAL_Driver/Src/stm32f1xx_hal_rcc.o
 .debug_line    0x00000000000066cc     0x3361 ./Drivers/STM32F1xx_HAL_Driver/Src/stm32f1xx_hal_tim.o
 .debug_line    0x0000000000009a2d     0x1826 ./Drivers/STM32F1xx_HAL_Driver/Src/stm32f1xx_hal_tim_ex.o

.debug_str      0x0000000000000000    0x825d5
 .debug_str     0x0000000000000000    0x7fb6e ./Core/Src/input_processing.o
                                      0x7feb1 (size before relaxing)
 .debug_str     0x000000000007fb6e       0x78 ./Core/Src/input_reading.o
                                      0x7fe5c (size before relaxing)
 .debug_str     0x000000000007fbe6       0x92 ./Core/Src/led_display.o
                                      0x7fe7c (size before relaxing)
 .debug_str     0x000000000007fc78      0x6df ./Core/Src/main.o
                                      0x80573 (size before relaxing)
 .debug_str     0x0000000000080357      0x2ba ./Core/Src/stm32f1xx_hal_msp.o
                                      0x8038e (size before relaxing)
 .debug_str     0x0000000000080611       0xcd ./Core/Src/stm32f1xx_it.o
                                      0x800f0 (size before relaxing)
 .debug_str     0x00000000000806de       0x52 ./Core/Src/system_stm32f1xx.o
                                      0x7f75a (size before relaxing)
 .debug_str     0x0000000000080730       0x3a ./Core/Src/timer.o
                                      0x7fe1e (size before relaxing)
 .debug_str     0x000000000008076a       0x36 ./Core/Startup/startup_stm32f103c6ux.o
                                         0x4e (size before relaxing)
 .debug_str     0x00000000000807a0      0x304 ./Drivers/STM32F1xx_HAL_Driver/Src/stm32f1xx_hal.o
                                      0x7fdb1 (size before relaxing)
 .debug_str     0x0000000000080aa4      0x300 ./Drivers/STM32F1xx_HAL_Driver/Src/stm32f1xx_hal_cortex.o
                                      0x7fdb9 (size before relaxing)
 .debug_str     0x0000000000080da4      0x316 ./Drivers/STM32F1xx_HAL_Driver/Src/stm32f1xx_hal_gpio.o
                                      0x7fb1e (size before relaxing)
 .debug_str     0x00000000000810ba      0x24f ./Drivers/STM32F1xx_HAL_Driver/Src/stm32f1xx_hal_rcc.o
                                      0x7fb57 (size before relaxing)
 .debug_str     0x0000000000081309      0xdde ./Drivers/STM32F1xx_HAL_Driver/Src/stm32f1xx_hal_tim.o
                                      0x80b40 (size before relaxing)
 .debug_str     0x00000000000820e7      0x4ee ./Drivers/STM32F1xx_HAL_Driver/Src/stm32f1xx_hal_tim_ex.o
                                      0x802e1 (size before relaxing)

.comment        0x0000000000000000       0x53
 .comment       0x0000000000000000       0x53 ./Core/Src/input_processing.o
                                         0x54 (size before relaxing)
 .comment       0x0000000000000053       0x54 ./Core/Src/input_reading.o
 .comment       0x0000000000000053       0x54 ./Core/Src/led_display.o
 .comment       0x0000000000000053       0x54 ./Core/Src/main.o
 .comment       0x0000000000000053       0x54 ./Core/Src/stm32f1xx_hal_msp.o
 .comment       0x0000000000000053       0x54 ./Core/Src/stm32f1xx_it.o
 .comment       0x0000000000000053       0x54 ./Core/Src/system_stm32f1xx.o
 .comment       0x0000000000000053       0x54 ./Core/Src/timer.o
 .comment       0x0000000000000053       0x54 ./Drivers/STM32F1xx_HAL_Driver/Src/stm32f1xx_hal.o
 .comment       0x0000000000000053       0x54 ./Drivers/STM32F1xx_HAL_Driver/Src/stm32f1xx_hal_cortex.o
 .comment       0x0000000000000053       0x54 ./Drivers/STM32F1xx_HAL_Driver/Src/stm32f1xx_hal_gpio.o
 .comment       0x0000000000000053       0x54 ./Drivers/STM32F1xx_HAL_Driver/Src/stm32f1xx_hal_rcc.o
 .comment       0x0000000000000053       0x54 ./Drivers/STM32F1xx_HAL_Driver/Src/stm32f1xx_hal_tim.o
 .comment       0x0000000000000053       0x54 ./Drivers/STM32F1xx_HAL_Driver/Src/stm32f1xx_hal_tim_ex.o

.debug_frame    0x0000000000000000     0x2824
 .debug_frame   0x0000000000000000       0xd4 ./Core/Src/input_processing.o
 .debug_frame   0x00000000000000d4       0xac ./Core/Src/input_reading.o
 .debug_frame   0x0000000000000180       0x60 ./Core/Src/led_display.o
 .debug_frame   0x00000000000001e0       0xd4 ./Core/Src/main.o
 .debug_frame   0x00000000000002b4       0x80 ./Core/Src/stm32f1xx_hal_msp.o
 .debug_frame   0x0000000000000334      0x120 ./Core/Src/stm32f1xx_it.o
 .debug_frame   0x0000000000000454       0x58 ./Core/Src/system_stm32f1xx.o
 .debug_frame   0x00000000000004ac       0x80 ./Core/Src/timer.o
 .debug_frame   0x000000000000052c      0x334 ./Drivers/STM32F1xx_HAL_Driver/Src/stm32f1xx_hal.o
 .debug_frame   0x0000000000000860      0x428 ./Drivers/STM32F1xx_HAL_Driver/Src/stm32f1xx_hal_cortex.o
 .debug_frame   0x0000000000000c88      0x14c ./Drivers/STM32F1xx_HAL_Driver/Src/stm32f1xx_hal_gpio.o
 .debug_frame   0x0000000000000dd4      0x218 ./Drivers/STM32F1xx_HAL_Driver/Src/stm32f1xx_hal_rcc.o
 .debug_frame   0x0000000000000fec     0x11b4 ./Drivers/STM32F1xx_HAL_Driver/Src/stm32f1xx_hal_tim.o
 .debug_frame   0x00000000000021a0      0x638 ./Drivers/STM32F1xx_HAL_Driver/Src/stm32f1xx_hal_tim_ex.o
 .debug_frame   0x00000000000027d8       0x2c c:/st/stm32cubeide_1.7.0/stm32cubeide/plugins/com.st.stm32cube.ide.mcu.externaltools.gnu-tools-for-stm32.9-2020-q2-update.win32_2.0.0.202105311346/tools/bin/../lib/gcc/arm-none-eabi/9.3.1/../../../../arm-none-eabi/lib/thumb/v7-m/nofp\libc_nano.a(lib_a-init.o)
 .debug_frame   0x0000000000002804       0x20 c:/st/stm32cubeide_1.7.0/stm32cubeide/plugins/com.st.stm32cube.ide.mcu.externaltools.gnu-tools-for-stm32.9-2020-q2-update.win32_2.0.0.202105311346/tools/bin/../lib/gcc/arm-none-eabi/9.3.1/../../../../arm-none-eabi/lib/thumb/v7-m/nofp\libc_nano.a(lib_a-memset.o)
